<!DOCTYPE html>
<html>
  <head>
    <meta http-equiv="x-ua-compatible" content="ie=edge">
    <title>Test File</title>
    <meta name="description" content="Testing processing comments">
    <meta name="viewport" content="width=device-width, initial-scale=1">

    <!-- drop:start -->
    <script src="livereload.js"></script>
    <!-- drop:end -->
    <!-- min:start -->
    <script src="components/foo.js"></script>
    <script type="text/javascript" src="components/bar.js"></script>
    <link rel="stylesheet" href="components/fb.css">
    <!-- min:end -->
  </head>
  
  <body>
    <script src="script/aggregated.js"></script>
  </body>
</html>