<!DOCTYPE html>
<html>
  <head>
    <meta http-equiv="x-ua-compatible" content="ie=edge">
    <title>Test File</title>
    <meta name="description" content="Testing processing comments">
    <meta name="viewport" content="width=device-width, initial-scale=1">

    <script src="components/foo.min.js"></script>
    <script type="text/javascript" src="components/bar.min.js"></script>
    <link rel="stylesheet" href="components/fb.min.css">
  </head>
  
  <body>
    <script src="script/aggregated.js"></script>
  </body>
</html>